
> browser-tabletop@1.0.0 test
> node --import tsx --test tests/*.test.ts

✔ backup while serving, restore into a fresh path, and serve the restored room (3727.176ms)
✔ solo opponent: 150 bot-vs-bot games finish using only legal actions (861.3641ms)
✔ rules fuzz: 250 games of uniformly random legal actions keep all invariants and terminate (3492.0824ms)
✔ solo opponent sees only its own projection: opponent hand and DP order are absent from its input (1.4914ms)
✔ solo opponent handles response windows and choices (217.5393ms)
✔ room server configuration accepts HTTPS origins and loopback development only (9.3234ms)
✔ 2.quick §26 ⦗2⦘: free during own turn, scores 2, opponent discards 1; one resolved per turn; not on opponent’s turn (14.7582ms)
✔ 2.quick: a countered Two Quick does not consume the per-turn limit (2.4704ms)
✔ 3.base §26 ⦗3⦘: presents up to 3 of the opponent’s choice; caster takes one; discard mode takes up to 2 (3.7912ms)
✔ 3.instant §26 ⦗3⦘: in a response window, bounce a Vulnerable card to the bottom of DP (2.3557ms)
✔ 4.natural §26 ⦗4⦘: reorder the top four privately, then optionally draw (3.8872ms)
✔ 5.recycle §26 ⦗5⦘: mill 2, rummage any GY card, then draw the oldest; the resolving 5 is not yet in GY (1.5984ms)
✔ 6.dig §26 ⦗6⦘: draw 3 then return one to top/bottom, or keep all and discard one (2.7898ms)
✔ 7.base §26 ⦗7⦘: take one revealed card, play the other as a generated play (no Mini-Turn); the 7 waits for its child (2.8346ms)
✔ 7.base: a generated non-Seven cannot create more Topdeck Casting; a generated Seven may (1.8078ms)
✔ 7.trigger §26 ⦗7⦘: scoring a Seven reveals two, takes one, returns the other to the top of DP (1.6684ms)
✔ 9.tap §26 ⦗9⦘: tapped PR card scores 0 until its controller’s Start (First Contact untap) (4.357ms)
✔ 9.goal §26 ⦗9⦘: Goal +3, or +5 and discard 1 (Goal-Mod Play) (13.0521ms)
✔ 9.anchor §26 ⦗9⦘: reveals the opponent’s hand; they discard 1; a new Nine Anchor Scraps the old (2.1783ms)
✔ J.disrupt §26 ⦗J⦘: answers an opponent’s Mini-Turn Action, records it, draws 1; the Action continues (6.1162ms)
✔ J.attach §26 ⦗J⦘ / attachments §12: control +1; host leaving Scraps the Jack; Jack leaving returns the host (16.5239ms)
✔ J.attach fizzle §6: a target that becomes Guarded before resolution makes the Jack fizzle (3.6407ms)
✔ A.purge §26 ⦗A⦘ (mode 2, no Aegis in First Contact): bounce a Vulnerable enemy Anchor to its owner’s hand; Guard protects other Anchors (1.3082ms)
✔ K.anchor / Q.anchor §26: Anchors enter ER; Queen establishes Guard (1.2848ms)
✔ K.anchor §26 ⦗K⦘: ER Anchor value is 7 for an ordinary King and 9 for K♠; tapped Anchors contribute 0 (§9) (1.4364ms)
✔ RJ.modes §26 ⦗RJ⦘: Hand Swap, Self Reset (+3), Opponent Attack (−2), Shuffle Reset (DP+GY, draw 2) (3.3092ms)
✔ BJ.lock §26 ⦗BJ⦘: free Quick in an open state; forbids non-counter Effects and Scuttle; counters, Draw and scoring remain (2.4247ms)
✔ BJ.lock: cannot be declared with a pending stack, during the opponent’s turn, or while already active (1.3074ms)
✔ BJ.score §26: scores 11 and is Scuttle/Jack-immune; its Exile Recycle rider is disabled in First Contact (0.5756ms)
✔ Full template is distinct, exactly two seats, data-only; Core remains manual (2.77ms)
✔ composite game action boundary preserves order and refuses oversized, duplicate or executable fields (3.0987ms)
✔ Full online rooms preserve profile, authority, privacy, fixed seats, reset and persisted identity (1311.3265ms)
✔ Full survives process restart and recovery without granting the other private seat (2099.8732ms)
✔ Full §2 setup: 54 unique cards, two players, random A 5/B 6, Goal 21 and finite down/down/up bar (47.981ms)
✔ Full §2 setup deals Swap Bar only after both hands, preserving the shuffled card sequence (0.7826ms)
✔ Full §3/§18 privacy: opponent hands, future deck and down-bar card handles never leave projections (2.9588ms)
✔ Full §25 Exile is public and ordered while ordinary hidden zones remain private (5.0748ms)
✔ Full §18 Face-Down Swap: take a face-down bar card, return a hand card face-up, once per FT (20.6876ms)
✔ Full §5 forged commands are rejected without mutating state or spending an Action (1.8586ms)
✔ Full §1/§4.5 normal victory occurs only after the active player completes End Phase (3.2866ms)
✔ Full §26 Queen protected entry blocks enemy bounce and Scuttle until recorded next Start (4.7208ms)
✔ Full §26 Queen Court: only K-spade directly counters composite Anchor, all Queens committed together (2.7354ms)
✔ Full §26 Queen Court: exactly two physical hand Queens, entry Aegis and once-declared limit (3.8985ms)
✔ Full §26 Royal Marriage requires matching suit and preserves composite Anchor counter class (2.442ms)
✔ Full §9 Nine tap survives Start and releases only when current controller scores (2.8187ms)
✔ Full §14 Aegis blocks friendly effects and ordinary Scuttle; Nines cannot gain it (0.6189ms)
✔ Full Scrapping Generated Cards: a generated card with no legal declaration is Scrapped to GY (2.3367ms)
✔ Full generated composite plays commit every source; counters scrap them all (4.1415ms)
✔ Full ⭐8 Absolute Scuttle ignores rank, suit and ordinary Scuttle immunity; no Eight bonus (1.1372ms)
✔ Full 8♠ Free Scuttle ignores rank and suit but still respects immunity (1.8734ms)
✔ Full Solo Wild resolves the copied Base effect; K♠ Wild Sovereignty pays its cost and Exiles (2.6468ms)
✔ Full 10♦ Mimic resolves the copied Super, consumes the Rank-10 play and Exiles the 10 (2.5544ms)
✔ Full Ultras consume the per-FT limit at declaration and resist everything but ⭐A (2.1963ms)
✔ Full ⭐2 Hold keeps the card OTT tapped; it untaps at its controller’s Start and casts for free (3.0228ms)
✔ Full A♠ Exile Counter sends countered sources to Exile instead of GY (0.9248ms)
✔ Full Nine Tap sets the score-release condition (7.4202ms)
✔ Full §26 Six Deep Draw: the discard cost commits at declaration and cannot be re-spent (2.1308ms)
✔ Full §26 ⭐7 Sequential Topdeck: reveals two, declares each as a generated play in chosen order (3.107ms)
✔ Full §26 7♠ Topdeck: take one revealed, declare one generated, return the rest to the top of DP (2.2506ms)
✔ Full §9.4 Ultra Black: internal casts cannot spend the Ultra’s committed components as costs (2.2797ms)
✔ FC.setup §27 15.4: 54 cards, random Player A with 5, Player B with 6, Goals 15, no Swap Bar/Exile (42.3041ms)
✔ FC.miniturn §27 15.3: exactly one ordinary Action; afterwards only End (and free Quicks) remain (5.6167ms)
✔ action.draw §4.3: Draw 1, or 2 when the hand was empty at declaration (1.611ms)
✔ FC.end §4.5/§1: reaching the Goal mid-turn is not a win; victory is checked at the active player’s End Phase (2.3751ms)
✔ FC.end §38 20.3: only the active player is checked; an opponent above Goal waits for their own End Phase (4.0391ms)
✔ FC.start §27 15.5 / tap §9: every card the new active player controls untaps at Start; others stay tapped (1.6099ms)
✔ action.scuttle §19: rank order, suit ties, immunities, Guard irrelevance and own-card restriction (1.5388ms)
✔ action.scuttle §19: Jokers — RJ and BJ in PR are immune; BJ outranks RJ as a source (0.6277ms)
✔ action.scuttle §19 Result: success sends target and source to GY; the Action is spent (1.2207ms)
✔ 8.counter §26 ⦗8⦘: an Eight counters a pending Scuttle; source to GY, target stays (1.79ms)
✔ 8.bonus §26 ⦗8⦘: a successful Scuttle with an 8 draws the top or bottom GY card (2.4396ms)
✔ fizzle §5/§6: a Scuttle whose target leaves in response fizzles; the source still goes to GY (3.0602ms)
✔ guard §13: Queen in ER stops enemy single-target Effects on other cards but not on itself; friendly effects ignore it (0.6562ms)
✔ guard §16 / Queen’s Court semantics: two Queens protect each other (0.3786ms)
✔ 4.clear §26 ⦗4⦘: row-wide clear ignores Guard and immunities to targeting; Anchor clear leaves Jack Attachments (0.9924ms)
✔ 4.clear §26 ⦗4⦘: clearing enemy Anchors leaves Attachments and all PR cards (1.0725ms)
✔ 4.immunity / 8.immunity §26: untapped 4 and 8 in PR cannot be targeted by Effects — even friendly ones (0.4975ms)
✔ counter §7 / A.counter: Ace counters an Effect; the countered card goes to GY and the Action stays spent (0.9716ms)
✔ A.counter §26 / §36 16.1: Ace authority excludes Scuttle, Anchor and Goal-Mod plays, triggers, Board Lock and Shuffle Reset (3.746ms)
✔ K.counter §26 ⦗K⦘: King counters single-card Anchor and Goal-Mod plays but not Effects (3.4549ms)
✔ stack §6 / §7: a counter can be countered; the original play then resolves (LIFO) (1.5179ms)
✔ A.anchor §26 ⦗A⦘: an Anchor Ace sacrifices to counter an opponent’s Effect and takes the countered card (1.7556ms)
✔ decline §6 / §38 20.3: declining spends nothing; players without responses are advanced automatically (1.0101ms)
✔ exhausted §22 10.1–10.4: begins at Start with empty DP; Draw undeclarable; forced Pass only with no other Action; tiebreak (2.3807ms)
✔ exhausted §22 10.3: countdown after completed Full Turns, then Anchors → Points → draw (5.4457ms)
✔ exhausted §22 10.4: cards entering the empty DP end Exhausted immediately (0.7458ms)
✔ FC.disabled §27 15.1 / 15.7: no Swap Bar, Draw & Cast, Aegis, Rank-10 or suit abilities; 2 has no Solo Wild (2.4082ms)
✔ projection: a player sees their own hand and public zones only; spectators see no hand; RNG never projected (13.6407ms)
✔ privacy: card handles rotate on entering a hand or DP, so a played card cannot be linked to its draw (6.0147ms)
✔ applyGame is immutable and rejects forged or stale actions (4.8949ms)
✔ at least six lessons exist, each with ID, objective, sources, hint and a canonical start (6.1712ms)
✔ lesson orientation: completes only through its intended state transitions (4.8819ms)
✔ lesson orientation: resets and resumes from saved progress (2.9303ms)
✔ lesson draw-action: completes only through its intended state transitions (10.6326ms)
✔ lesson draw-action: resets and resumes from saved progress (4.1234ms)
✔ lesson score-victory: completes only through its intended state transitions (2.1525ms)
✔ lesson score-victory: resets and resumes from saved progress (2.1189ms)
✔ lesson generic-effect: completes only through its intended state transitions (2.9667ms)
✔ lesson generic-effect: resets and resumes from saved progress (2.2132ms)
✔ lesson guard-scuttle: completes only through its intended state transitions (1.8368ms)
✔ lesson guard-scuttle: resets and resumes from saved progress (1.9743ms)
✔ lesson response-counter: completes only through its intended state transitions (3.3754ms)
✔ lesson response-counter: resets and resumes from saved progress (4.4343ms)
✔ lesson board-lock: completes only through its intended state transitions (1.7168ms)
✔ lesson board-lock: resets and resumes from saved progress (1.7275ms)
✔ false completion: orientation rejects wrong zones and "Next"-style skipping (0.4906ms)
✔ false completion: draw-action rejects scoring and cannot end before drawing (0.9139ms)
✔ false completion: response-counter fails if the learner lets the Eight resolve (1.9724ms)
✔ resume rejects tampered or unknown saves (0.9641ms)
✔ First Contact: raw HTTP and WebSocket payloads never carry the opponent hand, DP handles or other credentials (1849.1946ms)
✔ Free table: a remembered handle cannot be tracked after shuffle, reconnect, spectator join or export (1839.9884ms)
✔ removed participant: socket closed and no further projections delivered (6113.3363ms)
✔ error responses reveal only codes, never state or stack traces (72.0686ms)
✔ sessions: HttpOnly SameSite=Strict cookie with 256-bit token; CSRF and Origin enforced on writes (173.7981ms)
✔ invites: opaque 256-bit tokens; guest joins; host credentials never appear in ordinary views (1314.1915ms)
✔ seats and spectators: full seats refused, spectator join, seat collision, read-only spectator invite (1658.0154ms)
✔ host controls: lock, invite rotation, removal (banned), transfer; non-hosts refused (6510.2318ms)
✔ idempotency and revisions: duplicate request IDs apply once; reused ID with new content refused; stale guided actions refused (113.938ms)
✔ concurrency: simultaneous draws from one pile never clone cards; each accepted once (175.417ms)
✔ persistence: injected storage failure acknowledges nothing and changes nothing (60.8136ms)
✔ restart: accepted rooms, seats, hands and revocations survive a server restart (97.8956ms)
✔ expiry and cross-room isolation (71.8815ms)
✔ recovery code moves a participant to a new browser once; the old browser loses access (84.7145ms)
✔ websocket: origin checked; snapshots per participant; presence relayed with the shared message shape (146.4591ms)
✔ robustness: malformed commands, HTML nicknames, floods and oversized bodies fail safely (82.5295ms)
✔ logs never contain credentials, invitations, CSRF tokens or card faces (69.3992ms)
✔ setup: standard deck creates 54 unique cards in one hidden pile and passes invariants (3.5081ms)
✔ setup: Core sandbox deals 5/6 by random first seat and builds Swap Bar 2 face-down + 1 face-up (§2) (19.0318ms)
✔ integrity: 3000 random valid and invalid operations never duplicate, lose or orphan cards (2209.295ms)
✔ immutability: applyTable never mutates its input (1.2158ms)
✔ permissions: spectators cannot act; players cannot touch another hand or unlock without host (3.2003ms)
✔ privacy: hidden piles, other hands and face-down cards never expose faces to any seat or spectator (1.5586ms)
✔ privacy: a remembered handle cannot track a card after it is shuffled into a hidden pile (3.2417ms)
✔ privacy: handles also rotate when a card enters a hand, so a later face-down play is untrackable (1.4247ms)
✔ reveal/hide: targeted reveal shows only the recipient; hide keeps honest history (2.2392ms)
✔ attachments move with their host and detach when the host leaves the table (4.8961ms)
✔ piles: split, merge, top/bottom placement keep defined order (3.0059ms)
✔ hand reorder and sort are private: no shared history line (1.3671ms)
✔ components: counters, notes and dice; dice change only through randomness (22.8863ms)
✔ commands: malformed and unknown commands are rejected at the trust boundary (0.5701ms)
✔ undo policy: only public arrangement commands are undoable (0.8859ms)
✔ every built-in template validates and round-trips through export/import unchanged except its ID (19.4451ms)
✔ generality: an independently authored template imports and plays with no platform changes (7.1408ms)
✔ custom raster faces round-trip byte-for-byte (1.2048ms)
✔ raster validation rejects active content, links, paths and spoofed bytes (0.6805ms)
✔ malformed or hostile templates fail with useful messages (5.4609ms)
✔ validation strips unknown fields: imported templates are inert data (0.5874ms)
✔ export of a template never contains live state: it is built only from the template definition (0.4836ms)
ℹ tests 148
ℹ suites 0
ℹ pass 148
ℹ fail 0
ℹ cancelled 0
ℹ skipped 0
ℹ todo 0
ℹ duration_ms 11345.5675
