
> browser-tabletop@1.0.0 test:e2e
> npm run build && playwright test


> browser-tabletop@1.0.0 build
> npm run typecheck && vite build && esbuild apps/server/index.ts apps/server/backup.ts apps/server/restore.ts --bundle --platform=node --format=esm --packages=external --outdir=dist/server


> browser-tabletop@1.0.0 typecheck
> tsc --noEmit

vite v8.3.1 building client environment for production...
transforming...
✓ 44 modules transformed.
rendering chunks...
computing gzip size...
dist/client/index.html                   0.60 kB │ gzip:   0.39 kB
dist/client/assets/index-C_U7_kXW.css   34.99 kB │ gzip:   8.87 kB
dist/client/assets/index-DJKoJFtf.js   466.54 kB │ gzip: 141.82 kB

✓ built in 797ms

  dist\server\index.js    189.9kb
  dist\server\restore.js    1.5kb
  dist\server\backup.js     1.2kb

Done in 44ms

Running 38 tests using 1 worker

(node:49608) Warning: The 'NO_COLOR' env is ignored due to the 'FORCE_COLOR' env being set.
(Use `node --trace-warnings ...` to show where the warning was created)
  ok  1 [chromium] › e2e\full.spec.ts:6:1 › Full table preserves public/private zones through play, reconnect and reset on mobile (12.3s)
  ok  2 [chromium] › e2e\learn.spec.ts:12:1 › all lessons complete through real interactions, reject wrong moves, and persist progress (4.7s)
  ok  3 [chromium] › e2e\learn.spec.ts:85:1 › a complete First Contact practice game against the local opponent, using only offered legal actions (6.3s)
  ok  4 [chromium] › e2e\quality.spec.ts:30:3 › layout and automated accessibility at 1440×900 (4.5s)
  ok  5 [chromium] › e2e\quality.spec.ts:30:3 › layout and automated accessibility at 1024×768 (4.3s)
  ok  6 [chromium] › e2e\quality.spec.ts:30:3 › layout and automated accessibility at 390×844 (3.8s)
  ok  7 [chromium] › e2e\quality.spec.ts:59:1 › keyboard-only: create a table, open and close dialogs with focus restored, play an action (886ms)
  ok  8 [chromium] › e2e\quality.spec.ts:96:1 › reduced motion is honoured (395ms)
  ok  9 [chromium] › e2e\quality.spec.ts:105:1 › performance: 8 seats and 108 cards; remote cursors do not re-render the durable board (3.5s)
  ok 10 [chromium] › e2e\social.spec.ts:30:1 › real room social journey: unread, identity mention, reply, literal HTML, local mute, rules, read-only and reconnect (4.7s)
  ok 11 [chromium] › e2e\social.spec.ts:68:1 › suggested move uses current exact legal action over HTTP; pending and disconnected execution are disabled (1.9s)
  ok 12 [chromium] › e2e\social.spec.ts:91:1 › scroll position, unread watermark and same-epoch reconnect survive live chat; rejected draft retries explicitly (13.9s)
  ok 13 [chromium] › e2e\social.spec.ts:118:3 › chat keyboard, IME, focus and accessibility coexist with board at 1440×900 (2.3s)
  ok 14 [chromium] › e2e\social.spec.ts:118:3 › chat keyboard, IME, focus and accessibility coexist with board at 1024×768 (2.1s)
  ok 15 [chromium] › e2e\social.spec.ts:118:3 › chat keyboard, IME, focus and accessibility coexist with board at 390×844 (1.7s)
  ok 16 [chromium] › e2e\social.spec.ts:137:1 › Full offers projected Start suggestions and live chat; Core keeps chat with manual actions only (2.6s)
  ok 17 [chromium] › e2e\templates.spec.ts:9:1 › author a template in the editor, export it, re-import it, play it online with two browsers, export without live state (3.8s)
  ok 18 [chromium] › e2e\templates.spec.ts:93:1 › malformed and oversized imports fail with useful messages and change nothing (1.1s)
  ok 19 [chromium] › e2e\walkthrough.spec.ts:9:1 › host, guest and spectator play First Contact across isolated browsers with restart recovery (7.2s)
(node:35888) Warning: The 'NO_COLOR' env is ignored due to the 'FORCE_COLOR' env being set.
(Use `node --trace-warnings ...` to show where the warning was created)
  ok 20 [firefox] › e2e\full.spec.ts:6:1 › Full table preserves public/private zones through play, reconnect and reset on mobile (13.5s)
  ok 21 [firefox] › e2e\learn.spec.ts:12:1 › all lessons complete through real interactions, reject wrong moves, and persist progress (5.6s)
  ok 22 [firefox] › e2e\learn.spec.ts:85:1 › a complete First Contact practice game against the local opponent, using only offered legal actions (9.1s)
  ok 23 [firefox] › e2e\quality.spec.ts:30:3 › layout and automated accessibility at 1440×900 (6.6s)
  ok 24 [firefox] › e2e\quality.spec.ts:30:3 › layout and automated accessibility at 1024×768 (6.5s)
  ok 25 [firefox] › e2e\quality.spec.ts:30:3 › layout and automated accessibility at 390×844 (5.5s)
  ok 26 [firefox] › e2e\quality.spec.ts:59:1 › keyboard-only: create a table, open and close dialogs with focus restored, play an action (1.9s)
  ok 27 [firefox] › e2e\quality.spec.ts:96:1 › reduced motion is honoured (1.8s)
  ok 28 [firefox] › e2e\quality.spec.ts:105:1 › performance: 8 seats and 108 cards; remote cursors do not re-render the durable board (3.8s)
  ok 29 [firefox] › e2e\social.spec.ts:30:1 › real room social journey: unread, identity mention, reply, literal HTML, local mute, rules, read-only and reconnect (5.7s)
  ok 30 [firefox] › e2e\social.spec.ts:68:1 › suggested move uses current exact legal action over HTTP; pending and disconnected execution are disabled (3.8s)
  ok 31 [firefox] › e2e\social.spec.ts:91:1 › scroll position, unread watermark and same-epoch reconnect survive live chat; rejected draft retries explicitly (15.3s)
  ok 32 [firefox] › e2e\social.spec.ts:118:3 › chat keyboard, IME, focus and accessibility coexist with board at 1440×900 (2.8s)
  ok 33 [firefox] › e2e\social.spec.ts:118:3 › chat keyboard, IME, focus and accessibility coexist with board at 1024×768 (3.7s)
  ok 34 [firefox] › e2e\social.spec.ts:118:3 › chat keyboard, IME, focus and accessibility coexist with board at 390×844 (2.3s)
  ok 35 [firefox] › e2e\social.spec.ts:137:1 › Full offers projected Start suggestions and live chat; Core keeps chat with manual actions only (3.4s)
  ok 36 [firefox] › e2e\templates.spec.ts:9:1 › author a template in the editor, export it, re-import it, play it online with two browsers, export without live state (3.5s)
  ok 37 [firefox] › e2e\templates.spec.ts:93:1 › malformed and oversized imports fail with useful messages and change nothing (784ms)
  ok 38 [firefox] › e2e\walkthrough.spec.ts:9:1 › host, guest and spectator play First Contact across isolated browsers with restart recovery (8.5s)

  38 passed (3.3m)
