
> browser-tabletop@1.0.0 test
> node --import tsx --test tests/*.test.ts

✔ HTTP Full commands preserve exact Deep Draw costs; omitted, reordered and forged costs refuse without durable change (432.9499ms)
✔ HTTP Full composite source roles remain ordered and choose the exact later enumerated Ultra (111.1517ms)
✔ Full Deep Draw preserves the exact selected costs and refuses omitted or reordered costs (12.2736ms)
✔ Full Ultra Black keeps score/cast/exile source roles ordered and rejects an unknown permutation (3.3689ms)
✔ engine rejects malformed, duplicate, and oversized action arrays (5.243ms)
✔ Full actions sharing the old scalar identity execute the selected later composite sources (12.5146ms)
✔ backup while serving, restore into a fresh path, and serve the restored room (3098.3395ms)
✔ solo opponent: 150 bot-vs-bot games finish using only legal actions (1451.6504ms)
✔ rules fuzz: 250 games of uniformly random legal actions keep all invariants and terminate (5390.2297ms)
✔ solo opponent sees only its own projection: opponent hand and DP order are absent from its input (2.0223ms)
✔ solo opponent handles response windows and choices (289.3277ms)
✔ room server configuration accepts HTTPS origins and loopback development only (1.2804ms)
✔ 2.quick §26 ⦗2⦘: free during own turn, scores 2, opponent discards 1; one resolved per turn; not on opponent’s turn (27.2403ms)
✔ 2.quick: a countered Two Quick does not consume the per-turn limit (3.4125ms)
✔ 3.base §26 ⦗3⦘: presents up to 3 of the opponent’s choice; caster takes one; discard mode takes up to 2 (4.7096ms)
✔ 3.instant §26 ⦗3⦘: in a response window, bounce a Vulnerable card to the bottom of DP (3.5188ms)
✔ 4.natural §26 ⦗4⦘: reorder the top four privately, then optionally draw (4.0717ms)
✔ 5.recycle §26 ⦗5⦘: mill 2, rummage any GY card, then draw the oldest; the resolving 5 is not yet in GY (2.3026ms)
✔ 6.dig §26 ⦗6⦘: draw 3 then return one to top/bottom, or keep all and discard one (2.8929ms)
✔ 7.base §26 ⦗7⦘: take one revealed card, play the other as a generated play (no Mini-Turn); the 7 waits for its child (2.7464ms)
✔ 7.base: a generated non-Seven cannot create more Topdeck Casting; a generated Seven may (2.0457ms)
✔ 7.trigger §26 ⦗7⦘: scoring a Seven reveals two, takes one, returns the other to the top of DP (2.4399ms)
✔ 9.tap §26 ⦗9⦘: tapped PR card scores 0 until its controller’s Start (First Contact untap) (4.1254ms)
✔ 9.goal §26 ⦗9⦘: Goal +3, or +5 and discard 1 (Goal-Mod Play) (2.1161ms)
✔ 9.anchor §26 ⦗9⦘: reveals the opponent’s hand; they discard 1; a new Nine Anchor Scraps the old (2.4306ms)
✔ J.disrupt §26 ⦗J⦘: answers an opponent’s Mini-Turn Action, records it, draws 1; the Action continues (6.3604ms)
✔ J.attach §26 ⦗J⦘ / attachments §12: control +1; host leaving Scraps the Jack; Jack leaving returns the host (17.9249ms)
✔ J.attach fizzle §6: a target that becomes Guarded before resolution makes the Jack fizzle (1.8903ms)
✔ A.purge §26 ⦗A⦘ (mode 2, no Aegis in First Contact): bounce a Vulnerable enemy Anchor to its owner’s hand; Guard protects other Anchors (3.3015ms)
✔ K.anchor / Q.anchor §26: Anchors enter ER; Queen establishes Guard (1.108ms)
✔ K.anchor §26 ⦗K⦘: ER Anchor value is 7 for an ordinary King and 9 for K♠; tapped Anchors contribute 0 (§9) (1.6974ms)
✔ RJ.modes §26 ⦗RJ⦘: Hand Swap, Self Reset (+3), Opponent Attack (−2), Shuffle Reset (DP+GY, draw 2) (4.1568ms)
✔ BJ.lock §26 ⦗BJ⦘: free Quick in an open state; forbids non-counter Effects and Scuttle; counters, Draw and scoring remain (5.0791ms)
✔ BJ.lock: cannot be declared with a pending stack, during the opponent’s turn, or while already active (1.3451ms)
✔ BJ.score §26: scores 11 and is Scuttle/Jack-immune; its Exile Recycle rider is disabled in First Contact (0.5507ms)
✔ Full template is distinct, exactly two seats, data-only; Core remains manual (4.441ms)
✔ composite game action boundary preserves order and refuses oversized, duplicate or executable fields (1.9037ms)
✔ Full online rooms preserve profile, authority, privacy, fixed seats, reset and persisted identity (390.085ms)
✔ Full survives process restart and recovery without granting the other private seat (137.3691ms)
✔ Full §2 setup: 54 unique cards, two players, random A 5/B 6, Goal 21 and finite down/down/up bar (31.8478ms)
✔ Full §2 setup deals Swap Bar only after both hands, preserving the shuffled card sequence (1.6548ms)
✔ Full §3/§18 privacy: opponent hands, future deck and down-bar card handles never leave projections (2.8926ms)
✔ Full §25 Exile is public and ordered while ordinary hidden zones remain private (3.7668ms)
✔ Full §18 Face-Down Swap: take a face-down bar card, return a hand card face-up, once per FT (3.895ms)
✔ Full §5 forged commands are rejected without mutating state or spending an Action (2.8457ms)
✔ Full §1/§4.5 normal victory occurs only after the active player completes End Phase (12.7767ms)
✔ Full §26 Queen protected entry blocks enemy bounce and Scuttle until recorded next Start (71.9959ms)
✔ Full §26 Queen Court: only K-spade directly counters composite Anchor, all Queens committed together (2.851ms)
✔ Full §26 Queen Court: exactly two physical hand Queens, entry Aegis and once-declared limit (1.3632ms)
✔ Full §26 Royal Marriage requires matching suit and preserves composite Anchor counter class (0.8917ms)
✔ Full §9 Nine tap survives Start and releases only when current controller scores (1.248ms)
✔ Full §14 Aegis blocks friendly effects and ordinary Scuttle; Nines cannot gain it (0.4503ms)
✔ Full Scrapping Generated Cards: a generated card with no legal declaration is Scrapped to GY (1.9073ms)
✔ Full generated composite plays commit every source; counters scrap them all (2.1744ms)
✔ Full ⭐8 Absolute Scuttle ignores rank, suit and ordinary Scuttle immunity; no Eight bonus (0.6735ms)
✔ Full 8♠ Free Scuttle ignores rank and suit but still respects immunity (1.1869ms)
✔ Full Solo Wild resolves the copied Base effect; K♠ Wild Sovereignty pays its cost and Exiles (1.722ms)
✔ Full 10♦ Mimic resolves the copied Super, consumes the Rank-10 play and Exiles the 10 (1.0288ms)
✔ Full Ultras consume the per-FT limit at declaration and resist everything but ⭐A (2.3692ms)
✔ Full ⭐2 Hold keeps the card OTT tapped; it untaps at its controller’s Start and casts for free (3.8571ms)
✔ Full A♠ Exile Counter sends countered sources to Exile instead of GY (1.0401ms)
✔ Full Nine Tap sets the score-release condition (3.6958ms)
✔ Full §26 Six Deep Draw: the discard cost commits at declaration and cannot be re-spent (2.1216ms)
✔ Full §26 ⭐7 Sequential Topdeck: reveals two, declares each as a generated play in chosen order (3.0891ms)
✔ Full §26 7♠ Topdeck: take one revealed, declare one generated, return the rest to the top of DP (2.5725ms)
✔ Full §9.4 Ultra Black: internal casts cannot spend the Ultra’s committed components as costs (2.1571ms)
✔ FC.setup §27 15.4: 54 cards, random Player A with 5, Player B with 6, Goals 15, no Swap Bar/Exile (43.005ms)
✔ FC.miniturn §27 15.3: exactly one ordinary Action; afterwards only End (and free Quicks) remain (5.3571ms)
✔ action.draw §4.3: Draw 1, or 2 when the hand was empty at declaration (2.9693ms)
✔ FC.end §4.5/§1: reaching the Goal mid-turn is not a win; victory is checked at the active player’s End Phase (2.0557ms)
✔ FC.end §38 20.3: only the active player is checked; an opponent above Goal waits for their own End Phase (5.5373ms)
✔ FC.start §27 15.5 / tap §9: every card the new active player controls untaps at Start; others stay tapped (1.1071ms)
✔ action.scuttle §19: rank order, suit ties, immunities, Guard irrelevance and own-card restriction (0.8455ms)
✔ action.scuttle §19: Jokers — RJ and BJ in PR are immune; BJ outranks RJ as a source (0.6126ms)
✔ action.scuttle §19 Result: success sends target and source to GY; the Action is spent (1.3349ms)
✔ 8.counter §26 ⦗8⦘: an Eight counters a pending Scuttle; source to GY, target stays (1.5071ms)
✔ 8.bonus §26 ⦗8⦘: a successful Scuttle with an 8 draws the top or bottom GY card (2.5477ms)
✔ fizzle §5/§6: a Scuttle whose target leaves in response fizzles; the source still goes to GY (2.9122ms)
✔ guard §13: Queen in ER stops enemy single-target Effects on other cards but not on itself; friendly effects ignore it (15.9977ms)
✔ guard §16 / Queen’s Court semantics: two Queens protect each other (0.6441ms)
✔ 4.clear §26 ⦗4⦘: row-wide clear ignores Guard and immunities to targeting; Anchor clear leaves Jack Attachments (2.0953ms)
✔ 4.clear §26 ⦗4⦘: clearing enemy Anchors leaves Attachments and all PR cards (5.277ms)
✔ 4.immunity / 8.immunity §26: untapped 4 and 8 in PR cannot be targeted by Effects — even friendly ones (4.4298ms)
✔ counter §7 / A.counter: Ace counters an Effect; the countered card goes to GY and the Action stays spent (2.1915ms)
✔ A.counter §26 / §36 16.1: Ace authority excludes Scuttle, Anchor and Goal-Mod plays, triggers, Board Lock and Shuffle Reset (6.3441ms)
✔ K.counter §26 ⦗K⦘: King counters single-card Anchor and Goal-Mod plays but not Effects (3.5774ms)
✔ stack §6 / §7: a counter can be countered; the original play then resolves (LIFO) (1.1529ms)
✔ A.anchor §26 ⦗A⦘: an Anchor Ace sacrifices to counter an opponent’s Effect and takes the countered card (0.7736ms)
✔ decline §6 / §38 20.3: declining spends nothing; players without responses are advanced automatically (0.5323ms)
✔ exhausted §22 10.1–10.4: begins at Start with empty DP; Draw undeclarable; forced Pass only with no other Action; tiebreak (1.0188ms)
✔ exhausted §22 10.3: countdown after completed Full Turns, then Anchors → Points → draw (1.082ms)
✔ exhausted §22 10.4: cards entering the empty DP end Exhausted immediately (0.6173ms)
✔ FC.disabled §27 15.1 / 15.7: no Swap Bar, Draw & Cast, Aegis, Rank-10 or suit abilities; 2 has no Solo Wild (0.6567ms)
✔ projection: a player sees their own hand and public zones only; spectators see no hand; RNG never projected (1.5892ms)
✔ privacy: card handles rotate on entering a hand or DP, so a played card cannot be linked to its draw (1.0751ms)
✔ applyGame is immutable and rejects forged or stale actions (1.6391ms)
✔ at least six lessons exist, each with ID, objective, sources, hint and a canonical start (5.0724ms)
✔ lesson orientation: completes only through its intended state transitions (3.9597ms)
✔ lesson orientation: resets and resumes from saved progress (2.7558ms)
✔ lesson draw-action: completes only through its intended state transitions (25.6807ms)
✔ lesson draw-action: resets and resumes from saved progress (3.9252ms)
✔ lesson score-victory: completes only through its intended state transitions (2.2924ms)
✔ lesson score-victory: resets and resumes from saved progress (5.2352ms)
✔ lesson generic-effect: completes only through its intended state transitions (4.9517ms)
✔ lesson generic-effect: resets and resumes from saved progress (2.7173ms)
✔ lesson guard-scuttle: completes only through its intended state transitions (3.6737ms)
✔ lesson guard-scuttle: resets and resumes from saved progress (2.7019ms)
✔ lesson response-counter: completes only through its intended state transitions (3.3147ms)
✔ lesson response-counter: resets and resumes from saved progress (5.0549ms)
✔ lesson board-lock: completes only through its intended state transitions (1.869ms)
✔ lesson board-lock: resets and resumes from saved progress (2.0279ms)
✔ false completion: orientation rejects wrong zones and "Next"-style skipping (0.5401ms)
✔ false completion: draw-action rejects scoring and cannot end before drawing (0.9225ms)
✔ false completion: response-counter fails if the learner lets the Eight resolve (2.3964ms)
✔ resume rejects tampered or unknown saves (1.0819ms)
✔ First Contact: raw HTTP and WebSocket payloads never carry the opponent hand, DP handles or other credentials (646.2129ms)
✔ Free table: a remembered handle cannot be tracked after shuffle, reconnect, spectator join or export (270.1796ms)
✔ removed participant: socket closed and no further projections delivered (1168.4229ms)
✔ error responses reveal only codes, never state or stack traces (503.1707ms)
✔ social history merges live race, preserves same-epoch unread, and replaces old epoch (3.7883ms)
✔ chat failure preserves draft; uncertain retry retains ID and acceptance does not clear edited draft (1.4954ms)
✔ accepted matching draft clears once; explicit new send after epoch change gets new ID (0.8636ms)
✔ local mute suppresses unread and mentions; queue deduplicates, bounds, dismisses and clears stale decisions (6.6428ms)
✔ effect replay reactivates a clean store without retaining revoked social data (1.3688ms)
✔ late acceptance cannot clear a changed reply draft or cross a replaced social epoch (0.5783ms)
✔ sessions: HttpOnly SameSite=Strict cookie with 256-bit token; CSRF and Origin enforced on writes (260.9841ms)
✔ invites: opaque 256-bit tokens; guest joins; host credentials never appear in ordinary views (91.5868ms)
✔ seats and spectators: full seats refused, spectator join, seat collision, read-only spectator invite (93.5571ms)
✔ host controls: lock, invite rotation, removal (banned), transfer; non-hosts refused (149.6112ms)
✔ idempotency and revisions: duplicate request IDs apply once; reused ID with new content refused; stale guided actions refused (79.6742ms)
✔ concurrency: simultaneous draws from one pile never clone cards; each accepted once (144.2067ms)
✔ persistence: injected storage failure acknowledges nothing and changes nothing (50.4885ms)
✔ restart: accepted rooms, seats, hands and revocations survive a server restart (1483.1568ms)
✔ expiry and cross-room isolation (839.3227ms)
✔ recovery code moves a participant to a new browser once; the old browser loses access (808.3128ms)
✔ websocket: origin checked; snapshots per participant; presence relayed with the shared message shape (331.4525ms)
✔ robustness: malformed commands, HTML nicknames, floods and oversized bodies fail safely (141.721ms)
✔ logs never contain credentials, invitations, CSRF tokens or card faces (204.1575ms)
✔ social client parser normalizes Unicode/newlines, accepts ID chips and preserves pointer shape (4.4881ms)
✔ social client parser refuses forged identity, malformed unions, scalar arrays, invalid IDs, controls and all content bounds (20.9059ms)
✔ every server social variant round-trips through strict runtime validation (4.2402ms)
✔ server parser refuses unsafe contexts, future/private fields, invalid stamps, ordering and counterfeit rules labels (2.1016ms)
✔ social sockets: authoritative identity, all member roles, plain text, mentions, references, replies and no durable mutations (365.1318ms)
✔ social retries: same request applies once, changed body is refused, cross-room references and identity claims cannot route data (581.102ms)
✔ social limits are shared by participant tabs; pointer storms do not consume or drop chat (1675.0215ms)
✔ social history is bounded, idle maintenance rotates epoch, restart loses chat while durable room survives (4052.683ms)
✔ recovery invalidates the old social socket before later messages, with authorization before retry lookup (213.8044ms)
✔ invalid chat remains isolated and oversized frames close only the offending socket (283.6092ms)
✔ socket expiry is checked on social delivery and send without chat extending room lifetime (189.8662ms)
✔ decision and reset notices follow commits; duplicates, stale commands, failed saves and spectators produce no extra decision notice (527.3416ms)
✔ connectivity notices count all tabs and debounce final disconnect with cancellation (6673.7219ms)
✔ private response then discard choice notifications follow recipient projections, with choice taking precedence (97.9073ms)
✔ slow-consumer policy closes rather than silently dropping an accepted social entry; history recovers it (60.1542ms)
✔ malformed attempt budget is shared across tabs and closes abusive socket without affecting other participants (1297.0239ms)
✔ expired session is revoked on social delivery while refreshed host and durable room remain usable (91.0613ms)
✔ victorious End emits one completed system entry; reset retains chat and duplicates replay neither entry nor notice (97.5233ms)
✔ the same authorized chat path works in every online rules profile (266.3342ms)
✔ bounded chat receipts can evict before ten minutes; retained retries remain idempotent (6189.8698ms)
✔ suggestions are deterministic, immutable, bounded, distinct and retain original action objects (14.4007ms)
✔ victory recommendations use secured PR score and End timing, never ER Anchor value (4.134ms)
✔ empty, spectator and finished projections produce no advice; one choice preserves its exact role (0.8294ms)
✔ Scuttle values current secured contributions including active Jack and zero tapped hosts; Guard is not immunity (1.0263ms)
✔ response counters and decline describe public response roles and explicit source cost (2.5362ms)
✔ face-up Swap evaluates visible slot card; hidden outcomes and prefixed Full modes stay conservative (1.8775ms)
✔ complete keys distinguish ordered sources/costs; stable ties and duplicate identity keep first object (0.7599ms)
✔ required discard prefers lower known point cost; queen and tap explanations preserve rule boundaries (1.3784ms)
✔ hidden backing-state changes cannot affect the same projected-view advice (1.989ms)
✔ missing projected card identity remains unknown rather than a claimed zero-point benefit (0.6554ms)
✔ missing source or target evidence keeps discard, take, reward and Scuttle advice conservative (1.2441ms)
✔ recommendations include exact composite identities and can execute through the existing engine (2.1128ms)
✔ 10,000 projected legal actions remain immutable and stable while selecting only the best two (101.112ms)
✔ setup: standard deck creates 54 unique cards in one hidden pile and passes invariants (15.789ms)
✔ setup: Core sandbox deals 5/6 by random first seat and builds Swap Bar 2 face-down + 1 face-up (§2) (34.4316ms)
✔ integrity: 3000 random valid and invalid operations never duplicate, lose or orphan cards (3063.649ms)
✔ immutability: applyTable never mutates its input (1.9623ms)
✔ permissions: spectators cannot act; players cannot touch another hand or unlock without host (6.0858ms)
✔ privacy: hidden piles, other hands and face-down cards never expose faces to any seat or spectator (2.2189ms)
✔ privacy: a remembered handle cannot track a card after it is shuffled into a hidden pile (4.3193ms)
✔ privacy: handles also rotate when a card enters a hand, so a later face-down play is untrackable (2.3971ms)
✔ reveal/hide: targeted reveal shows only the recipient; hide keeps honest history (3.1301ms)
✔ attachments move with their host and detach when the host leaves the table (5.5417ms)
✔ piles: split, merge, top/bottom placement keep defined order (2.9886ms)
✔ hand reorder and sort are private: no shared history line (1.7326ms)
✔ components: counters, notes and dice; dice change only through randomness (35.0331ms)
✔ commands: malformed and unknown commands are rejected at the trust boundary (0.9771ms)
✔ undo policy: only public arrangement commands are undoable (1.7924ms)
✔ every built-in template validates and round-trips through export/import unchanged except its ID (27.4655ms)
✔ generality: an independently authored template imports and plays with no platform changes (7.0243ms)
✔ custom raster faces round-trip byte-for-byte (1.3196ms)
✔ raster validation rejects active content, links, paths and spoofed bytes (0.6573ms)
✔ malformed or hostile templates fail with useful messages (5.0754ms)
✔ validation strips unknown fields: imported templates are inert data (0.5179ms)
✔ export of a template never contains live state: it is built only from the template definition (0.4909ms)
ℹ tests 193
ℹ suites 0
ℹ pass 193
ℹ fail 0
ℹ cancelled 0
ℹ skipped 0
ℹ todo 0
ℹ duration_ms 24189.7822
